******************************************************************************
                  TI ARM Linker PC v16.9.4                     
******************************************************************************
>> Linked Mon Dec 11 10:23:50 2017

OUTPUT FILE NAME:   <Final_Remote_MSP.out>
ENTRY POINT SYMBOL: "_c_int00"  address: 00002d81


MEMORY CONFIGURATION

         name            origin    length      used     unused   attr    fill
----------------------  --------  ---------  --------  --------  ----  --------
  MAIN                  00000000   00040000  00002fd4  0003d02c  R  X
  INFO                  00200000   00004000  00000000  00004000  R  X
  SRAM_CODE             01000000   00010000  0000064d  0000f9b3  RW X
  SRAM_DATA             20000000   00010000  0000064d  0000f9b3  RW  


SEGMENT ALLOCATION MAP

run origin  load origin   length   init length attrs members
----------  ----------- ---------- ----------- ----- -------
00000000    00000000    00002fd8   00002fd8    r-x
  00000000    00000000    000000e4   000000e4    r-- .intvecs
  000000e4    000000e4    00002e78   00002e78    r-x .text
  00002f60    00002f60    00000030   00000030    r-- .const
  00002f90    00002f90    00000048   00000048    r-- .cinit
20000000    20000000    0000044d   00000000    rw-
  20000000    20000000    00000400   00000000    rw- .sysmem
  20000400    20000400    00000038   00000000    rw- .data
  20000438    20000438    00000015   00000000    rw- .bss
2000fe00    2000fe00    00000200   00000000    rw-
  2000fe00    2000fe00    00000200   00000000    rw- .stack


SECTION ALLOCATION MAP

 output                                  attributes/
section   page    origin      length       input sections
--------  ----  ----------  ----------   ----------------
.intvecs   0    00000000    000000e4     
                  00000000    000000e4     startup_msp432p401r_ccs.obj (.intvecs:retain)

.binit     0    00000000    00000000     

.text      0    000000e4    00002e78     
                  000000e4    000009ac     rtsv7M4_T_le_v4SPD16_eabi.lib : e_pow.obj (.text)
                  00000a90    00000470     uart.obj (.text)
                  00000f00    000003d0     rtsv7M4_T_le_v4SPD16_eabi.lib : memory.obj (.text)
                  000012d0    00000334     system_msp432p401r.obj (.text)
                  00001604    00000296     circbuf.obj (.text)
                  0000189a    00000002     rtsv7M4_T_le_v4SPD16_eabi.lib : mpu_init.obj (.text)
                  0000189c    00000254     port.obj (.text)
                  00001af0    00000250     timer.obj (.text)
                  00001d40    000001e8     functions.obj (.text)
                  00001f28    000001cc     adc.obj (.text)
                  000020f4    000001b6     rtsv7M4_T_le_v4SPD16_eabi.lib : fd_add_t2.obj (.text)
                  000022aa    00000002                                   : startup.obj (.text)
                  000022ac    00000170                                   : e_sqrt.obj (.text)
                  0000241c    00000136                                   : fd_div_t2.obj (.text)
                  00002552    00000002     --HOLE-- [fill = 0]
                  00002554    00000110     main.obj (.text)
                  00002664    000000fc     rtsv7M4_T_le_v4SPD16_eabi.lib : fd_mul_t2.obj (.text)
                  00002760    000000fc                                   : s_scalbn.obj (.text)
                  0000285c    000000f8                                   : s_floor.obj (.text)
                  00002954    000000c0                                   : s_round.obj (.text)
                  00002a14    0000009c                                   : memcpy_t2.obj (.text)
                  00002ab0    00000086                                   : fd_cmp_t2.obj (.text:__aeabi_cdcmple)
                  00002b36    00000086                                   : fd_cmp_t2.obj (.text:__aeabi_cdrcmple)
                  00002bbc    0000007a                                   : memset_t2.obj (.text)
                  00002c36    00000002     --HOLE-- [fill = 0]
                  00002c38    00000070                                   : autoinit.obj (.text)
                  00002ca8    0000006e                                   : fd_tos_t2.obj (.text)
                  00002d16    00000068                                   : copy_decompress_lzss.obj (.text:decompress:lzss)
                  00002d7e    00000002     --HOLE-- [fill = 0]
                  00002d80    00000054                                   : boot.obj (.text)
                  00002dd4    00000054                                   : exit.obj (.text)
                  00002e28    0000004c                                   : cpy_tbl.obj (.text)
                  00002e74    00000038                                   : fs_tod_t2.obj (.text)
                  00002eac    0000002e                                   : i_tofd_t2.obj (.text)
                  00002eda    00000002     --HOLE-- [fill = 0]
                  00002edc    00000018                                   : args_main.obj (.text)
                  00002ef4    00000014                                   : _lock.obj (.text)
                  00002f08    00000014                                   : s_copysign.obj (.text)
                  00002f1c    00000014                                   : strlen.obj (.text)
                  00002f30    0000000e                                   : copy_decompress_none.obj (.text:decompress:none)
                  00002f3e    0000000e     startup_msp432p401r_ccs.obj (.text)
                  00002f4c    0000000c     rtsv7M4_T_le_v4SPD16_eabi.lib : copy_zero_init.obj (.text:decompress:ZI)
                  00002f58    00000004                                   : pre_init.obj (.text)

.const     0    00002f60    00000030     
                  00002f60    00000030     rtsv7M4_T_le_v4SPD16_eabi.lib : e_pow.obj (.const:$O1$$)

.cinit     0    00002f90    00000048     
                  00002f90    00000024     (.cinit..data.load) [load image, compression = lzss]
                  00002fb4    0000000c     (__TI_handler_table)
                  00002fc0    00000008     (.cinit..bss.load) [load image, compression = zero_init]
                  00002fc8    00000010     (__TI_cinit_table)

.init_array 
*          0    00000000    00000000     UNINITIALIZED

.sysmem    0    20000000    00000400     UNINITIALIZED
                  20000000    00000008     rtsv7M4_T_le_v4SPD16_eabi.lib : memory.obj (.sysmem)
                  20000008    000003f8     --HOLE--

.data      0    20000400    00000038     UNINITIALIZED
                  20000400    0000000c     rtsv7M4_T_le_v4SPD16_eabi.lib : exit.obj (.data:$O1$$)
                  2000040c    0000000c                                   : memory.obj (.data:$O1$$)
                  20000418    00000008                                   : _lock.obj (.data:$O1$$)
                  20000420    00000008     main.obj (.data)
                  20000428    00000004     adc.obj (.data)
                  2000042c    00000004     rtsv7M4_T_le_v4SPD16_eabi.lib : errno.obj (.data)
                  20000430    00000004                                   : stkdepth_vars.obj (.data)
                  20000434    00000004     system_msp432p401r.obj (.data)

.bss       0    20000438    00000015     UNINITIALIZED
                  20000438    00000014     (.common:Ranged_Controls)
                  2000044c    00000001     (.common:command)

.stack     0    2000fe00    00000200     UNINITIALIZED
                  2000fe00    00000200     --HOLE--

MODULE SUMMARY

       Module                        code    ro data   rw data
       ------                        ----    -------   -------
    .\
       uart.obj                      1136    0         2      
       system_msp432p401r.obj        820     0         8      
       circbuf.obj                   662     0         0      
       port.obj                      596     0         0      
       timer.obj                     592     0         0      
       functions.obj                 488     0         0      
       adc.obj                       460     0         8      
       main.obj                      272     0         56     
       startup_msp432p401r_ccs.obj   14      228       0      
    +--+-----------------------------+-------+---------+---------+
       Total:                        5040    228       74     
                                                              
    D:\ti\ccsv7\tools\compiler\ti-cgt-arm_16.9.4.LTS\lib\rtsv7M4_T_le_v4SPD16_eabi.lib
       e_pow.obj                     2476    48        0      
       memory.obj                    976     0         24     
       fd_add_t2.obj                 438     0         0      
       e_sqrt.obj                    368     0         0      
       fd_div_t2.obj                 310     0         0      
       fd_cmp_t2.obj                 268     0         0      
       fd_mul_t2.obj                 252     0         0      
       s_scalbn.obj                  252     0         0      
       s_floor.obj                   248     0         0      
       s_round.obj                   192     0         0      
       memcpy_t2.obj                 156     0         0      
       memset_t2.obj                 122     0         0      
       autoinit.obj                  112     0         0      
       fd_tos_t2.obj                 110     0         0      
       exit.obj                      84      0         24     
       copy_decompress_lzss.obj      104     0         0      
       boot.obj                      84      0         0      
       cpy_tbl.obj                   76      0         0      
       fs_tod_t2.obj                 56      0         0      
       i_tofd_t2.obj                 46      0         0      
       _lock.obj                     20      0         16     
       args_main.obj                 24      0         0      
       s_copysign.obj                20      0         0      
       strlen.obj                    20      0         0      
       copy_decompress_none.obj      14      0         0      
       copy_zero_init.obj            12      0         0      
       errno.obj                     0       0         8      
       stkdepth_vars.obj             0       0         8      
       pre_init.obj                  4       0         0      
       mpu_init.obj                  2       0         0      
       startup.obj                   2       0         0      
    +--+-----------------------------+-------+---------+---------+
       Total:                        6848    48        80     
                                                              
       Heap:                         0       0         2048   
       Stack:                        0       0         1024   
       Linker Generated:             0       72        0      
    +--+-----------------------------+-------+---------+---------+
       Grand Total:                  11888   348       3226   


LINKER GENERATED COPY TABLES

__TI_cinit_table @ 00002fc8 records: 2, size/record: 8, table size: 16
	.data: load addr=00002f90, load size=00000024 bytes, run addr=20000400, run size=00000038 bytes, compression=lzss
	.bss: load addr=00002fc0, load size=00000008 bytes, run addr=20000438, run size=00000015 bytes, compression=zero_init


LINKER GENERATED HANDLER TABLE

__TI_handler_table @ 00002fb4 records: 3, size/record: 4, table size: 12
	index: 0, handler: __TI_decompress_lzss
	index: 1, handler: __TI_decompress_none
	index: 2, handler: __TI_zero_init


GLOBAL SYMBOLS: SORTED ALPHABETICALLY BY Name 

address   name                           
-------   ----                           
00001feb  ADC14_IRQHandler               
00001feb  ADC14_IRQHandler               
00002f4b  AES256_IRQHandler              
00000e89  Bluetooth_send_byte            
00000e59  Bluetooth_send_n               
00002f4b  BusFault_Handler               
00002dd5  C$$EXIT                        
00001741  CB_add_item_to_buffer          
0000166b  CB_clear_buffer                
00001823  CB_copy_buffer                 
000016d1  CB_delete_buffer               
00001605  CB_initialize_buffer           
00001723  CB_is_buffer_empty             
000016ff  CB_is_buffer_full              
000017ab  CB_remove_item_from_buffer     
00002f4b  COMP_E0_IRQHandler             
00002f4b  COMP_E1_IRQHandler             
00002f4b  CS_IRQHandler                  
00002f4b  DMA_ERR_IRQHandler             
00002f4b  DMA_INT0_IRQHandler            
00002f4b  DMA_INT1_IRQHandler            
00002f4b  DMA_INT2_IRQHandler            
00002f4b  DMA_INT3_IRQHandler            
00002f4b  DebugMon_Handler               
00002f4b  Default_Handler                
00000b51  EUSCIA0_IRQHandler             
00000b51  EUSCIA0_IRQHandler             
00002f4b  EUSCIA1_IRQHandler             
00000d55  EUSCIA2_IRQHandler             
00000d55  EUSCIA2_IRQHandler             
00002f4b  EUSCIA3_IRQHandler             
00002f4b  EUSCIB0_IRQHandler             
00002f4b  EUSCIB1_IRQHandler             
00002f4b  EUSCIB2_IRQHandler             
00002f4b  EUSCIB3_IRQHandler             
00002f4b  FLCTL_IRQHandler               
00002f4b  FPU_IRQHandler                 
00002f4b  HardFault_Handler              
00002f4b  MemManage_Handler              
00002f4b  NMI_Handler                    
00002f4b  PCM_IRQHandler                 
00002f4b  PORT1_IRQHandler               
00002f4b  PORT2_IRQHandler               
000019f1  PORT3_IRQHandler               
000019f1  PORT3_IRQHandler               
00002f4b  PORT4_IRQHandler               
00001a37  PORT5_IRQHandler               
00001a37  PORT5_IRQHandler               
00002f4b  PORT6_IRQHandler               
00002f4b  PSS_IRQHandler                 
00002f4b  PendSV_Handler                 
00002f4b  RTC_C_IRQHandler               
20000420  Ranged                         
20000438  Ranged_Controls                
00002f3f  Reset_Handler                  
UNDEFED   SHT$$INIT_ARRAY$$Base          
UNDEFED   SHT$$INIT_ARRAY$$Limit         
00002f4b  SVC_Handler                    
00002f4b  SysTick_Handler                
20000434  SystemCoreClock                
000012d1  SystemCoreClockUpdate          
00001549  SystemInit                     
00002f4b  T32_INT1_IRQHandler            
00002f4b  T32_INT2_IRQHandler            
00002f4b  T32_INTC_IRQHandler            
00001bd5  TA0_0_IRQHandler               
00001bd5  TA0_0_IRQHandler               
00002f4b  TA0_N_IRQHandler               
00001c23  TA1_0_IRQHandler               
00001c23  TA1_0_IRQHandler               
00002f4b  TA1_N_IRQHandler               
00002f4b  TA2_0_IRQHandler               
00002f4b  TA2_N_IRQHandler               
00002f4b  TA3_0_IRQHandler               
00002f4b  TA3_N_IRQHandler               
00000e31  Terminal_send_byte             
00000dfd  Terminal_send_n                
00002f4b  UsageFault_Handler             
4000480c  WDTCTL_SYM                     
00002f4b  WDT_A_IRQHandler               
20010000  __STACK_END                    
00000200  __STACK_SIZE                   
00000400  __SYSMEM_SIZE                  
00002fc8  __TI_CINIT_Base                
00002fd8  __TI_CINIT_Limit               
00002fb4  __TI_Handler_Table_Base        
00002fc0  __TI_Handler_Table_Limit       
00002c39  __TI_auto_init                 
20000400  __TI_cleanup_ptr               
00002d17  __TI_decompress_lzss           
00002f31  __TI_decompress_none           
20000404  __TI_dtors_ptr                 
20000408  __TI_enable_exit_profile_output
ffffffff  __TI_pprof_out_hndl            
ffffffff  __TI_prof_data_size            
ffffffff  __TI_prof_data_start           
00000000  __TI_static_base__             
00002f4d  __TI_zero_init                 
00002ab1  __aeabi_cdcmpeq                
00002ab1  __aeabi_cdcmple                
00002b37  __aeabi_cdrcmple               
00002ca9  __aeabi_d2f                    
000020ff  __aeabi_dadd                   
0000241d  __aeabi_ddiv                   
00002665  __aeabi_dmul                   
000020f5  __aeabi_dsub                   
00002e75  __aeabi_f2d                    
00002ead  __aeabi_i2d                    
00002bbd  __aeabi_memclr                 
00002bbd  __aeabi_memclr4                
00002bbd  __aeabi_memclr8                
00002a15  __aeabi_memcpy                 
00002a15  __aeabi_memcpy4                
00002a15  __aeabi_memcpy8                
00002bbf  __aeabi_memset                 
00002bbf  __aeabi_memset4                
00002bbf  __aeabi_memset8                
ffffffff  __binit__                      
ffffffff  __c_args__                     
0000189b  __mpu_init                     
2000fe00  __stack                        
00002edd  _args_main                     
00002d81  _c_int00                       
20000418  _lock                          
00002f03  _nop                           
00002efb  _register_lock                 
00002ef5  _register_unlock               
20000000  _sys_memory                    
000022ab  _system_post_cinit             
00002f59  _system_pre_init               
2000041c  _unlock                        
00002dd9  abort                          
20000428  accelX                         
2000042a  accelY                         
00001f55  adc_config                     
ffffffff  binit                          
000012a1  calloc                         
2000044c  command                        
00002e29  copy_in                        
00002f09  copysign                       
00002f09  copysignl                      
20000425  data                           
2000042c  errno                          
00002de1  exit                           
20000427  flags                          
0000285d  floor                          
0000285d  floorl                         
00000feb  free                           
00001e61  ftoa                           
20000426  health                         
00001df9  intToStr                       
00000000  interruptVectors               
00001d97  itoa                           
00002761  ldexp                          
00002761  ldexpl                         
000025b5  main                           
20000430  main_func_sp                   
00000f81  malloc                         
000011b5  memalign                       
00002a15  memcpy                         
00002bc5  memset                         
00000f01  minit                          
000018c9  port_config                    
000000e5  pow                            
000000e5  powl                           
000010ad  realloc                        
00001d41  reverse                        
00002955  round                          
00002955  roundl                         
00002761  scalbn                         
00002761  scalbnl                        
000022ad  sqrt                           
000022ad  sqrtl                          
00002f1d  strlen                         
00001b1d  timer_config                   
20000424  timer_count                    
00000abd  uart_config                    


GLOBAL SYMBOLS: SORTED BY Symbol Address 

address   name                           
-------   ----                           
00000000  __TI_static_base__             
00000000  interruptVectors               
000000e5  pow                            
000000e5  powl                           
00000200  __STACK_SIZE                   
00000400  __SYSMEM_SIZE                  
00000abd  uart_config                    
00000b51  EUSCIA0_IRQHandler             
00000b51  EUSCIA0_IRQHandler             
00000d55  EUSCIA2_IRQHandler             
00000d55  EUSCIA2_IRQHandler             
00000dfd  Terminal_send_n                
00000e31  Terminal_send_byte             
00000e59  Bluetooth_send_n               
00000e89  Bluetooth_send_byte            
00000f01  minit                          
00000f81  malloc                         
00000feb  free                           
000010ad  realloc                        
000011b5  memalign                       
000012a1  calloc                         
000012d1  SystemCoreClockUpdate          
00001549  SystemInit                     
00001605  CB_initialize_buffer           
0000166b  CB_clear_buffer                
000016d1  CB_delete_buffer               
000016ff  CB_is_buffer_full              
00001723  CB_is_buffer_empty             
00001741  CB_add_item_to_buffer          
000017ab  CB_remove_item_from_buffer     
00001823  CB_copy_buffer                 
0000189b  __mpu_init                     
000018c9  port_config                    
000019f1  PORT3_IRQHandler               
000019f1  PORT3_IRQHandler               
00001a37  PORT5_IRQHandler               
00001a37  PORT5_IRQHandler               
00001b1d  timer_config                   
00001bd5  TA0_0_IRQHandler               
00001bd5  TA0_0_IRQHandler               
00001c23  TA1_0_IRQHandler               
00001c23  TA1_0_IRQHandler               
00001d41  reverse                        
00001d97  itoa                           
00001df9  intToStr                       
00001e61  ftoa                           
00001f55  adc_config                     
00001feb  ADC14_IRQHandler               
00001feb  ADC14_IRQHandler               
000020f5  __aeabi_dsub                   
000020ff  __aeabi_dadd                   
000022ab  _system_post_cinit             
000022ad  sqrt                           
000022ad  sqrtl                          
0000241d  __aeabi_ddiv                   
000025b5  main                           
00002665  __aeabi_dmul                   
00002761  ldexp                          
00002761  ldexpl                         
00002761  scalbn                         
00002761  scalbnl                        
0000285d  floor                          
0000285d  floorl                         
00002955  round                          
00002955  roundl                         
00002a15  __aeabi_memcpy                 
00002a15  __aeabi_memcpy4                
00002a15  __aeabi_memcpy8                
00002a15  memcpy                         
00002ab1  __aeabi_cdcmpeq                
00002ab1  __aeabi_cdcmple                
00002b37  __aeabi_cdrcmple               
00002bbd  __aeabi_memclr                 
00002bbd  __aeabi_memclr4                
00002bbd  __aeabi_memclr8                
00002bbf  __aeabi_memset                 
00002bbf  __aeabi_memset4                
00002bbf  __aeabi_memset8                
00002bc5  memset                         
00002c39  __TI_auto_init                 
00002ca9  __aeabi_d2f                    
00002d17  __TI_decompress_lzss           
00002d81  _c_int00                       
00002dd5  C$$EXIT                        
00002dd9  abort                          
00002de1  exit                           
00002e29  copy_in                        
00002e75  __aeabi_f2d                    
00002ead  __aeabi_i2d                    
00002edd  _args_main                     
00002ef5  _register_unlock               
00002efb  _register_lock                 
00002f03  _nop                           
00002f09  copysign                       
00002f09  copysignl                      
00002f1d  strlen                         
00002f31  __TI_decompress_none           
00002f3f  Reset_Handler                  
00002f4b  AES256_IRQHandler              
00002f4b  BusFault_Handler               
00002f4b  COMP_E0_IRQHandler             
00002f4b  COMP_E1_IRQHandler             
00002f4b  CS_IRQHandler                  
00002f4b  DMA_ERR_IRQHandler             
00002f4b  DMA_INT0_IRQHandler            
00002f4b  DMA_INT1_IRQHandler            
00002f4b  DMA_INT2_IRQHandler            
00002f4b  DMA_INT3_IRQHandler            
00002f4b  DebugMon_Handler               
00002f4b  Default_Handler                
00002f4b  EUSCIA1_IRQHandler             
00002f4b  EUSCIA3_IRQHandler             
00002f4b  EUSCIB0_IRQHandler             
00002f4b  EUSCIB1_IRQHandler             
00002f4b  EUSCIB2_IRQHandler             
00002f4b  EUSCIB3_IRQHandler             
00002f4b  FLCTL_IRQHandler               
00002f4b  FPU_IRQHandler                 
00002f4b  HardFault_Handler              
00002f4b  MemManage_Handler              
00002f4b  NMI_Handler                    
00002f4b  PCM_IRQHandler                 
00002f4b  PORT1_IRQHandler               
00002f4b  PORT2_IRQHandler               
00002f4b  PORT4_IRQHandler               
00002f4b  PORT6_IRQHandler               
00002f4b  PSS_IRQHandler                 
00002f4b  PendSV_Handler                 
00002f4b  RTC_C_IRQHandler               
00002f4b  SVC_Handler                    
00002f4b  SysTick_Handler                
00002f4b  T32_INT1_IRQHandler            
00002f4b  T32_INT2_IRQHandler            
00002f4b  T32_INTC_IRQHandler            
00002f4b  TA0_N_IRQHandler               
00002f4b  TA1_N_IRQHandler               
00002f4b  TA2_0_IRQHandler               
00002f4b  TA2_N_IRQHandler               
00002f4b  TA3_0_IRQHandler               
00002f4b  TA3_N_IRQHandler               
00002f4b  UsageFault_Handler             
00002f4b  WDT_A_IRQHandler               
00002f4d  __TI_zero_init                 
00002f59  _system_pre_init               
00002fb4  __TI_Handler_Table_Base        
00002fc0  __TI_Handler_Table_Limit       
00002fc8  __TI_CINIT_Base                
00002fd8  __TI_CINIT_Limit               
20000000  _sys_memory                    
20000400  __TI_cleanup_ptr               
20000404  __TI_dtors_ptr                 
20000408  __TI_enable_exit_profile_output
20000418  _lock                          
2000041c  _unlock                        
20000420  Ranged                         
20000424  timer_count                    
20000425  data                           
20000426  health                         
20000427  flags                          
20000428  accelX                         
2000042a  accelY                         
2000042c  errno                          
20000430  main_func_sp                   
20000434  SystemCoreClock                
20000438  Ranged_Controls                
2000044c  command                        
2000fe00  __stack                        
20010000  __STACK_END                    
4000480c  WDTCTL_SYM                     
ffffffff  __TI_pprof_out_hndl            
ffffffff  __TI_prof_data_size            
ffffffff  __TI_prof_data_start           
ffffffff  __binit__                      
ffffffff  __c_args__                     
ffffffff  binit                          
UNDEFED   SHT$$INIT_ARRAY$$Base          
UNDEFED   SHT$$INIT_ARRAY$$Limit         

[177 symbols]
